[www.veenaworld.com/world.html]
[backblue.gif]
[fade.gif]
[index.html]
[www.veenaworld.com/assets/icons/apple-icon-57x57.jpg]
[img.veenaworld.com/index.html]
[www.veenaworld.com/assets/icons/apple-icon-60x60.jpg]
[www.veenaworld.com/assets/icons/apple-icon-72x72.jpg]
[www.veenaworld.com/assets/icons/apple-icon-76x76.jpg]
[www.veenaworld.com/assets/icons/apple-icon-114x114.jpg]
[www.veenaworld.com/assets/icons/apple-icon-120x120.jpg]
[www.veenaworld.com/assets/icons/apple-icon-144x144.jpg]
[www.veenaworld.com/assets/icons/apple-icon-152x152.jpg]
[www.veenaworld.com/assets/icons/apple-icon-180x180.jpg]
[www.veenaworld.com/favicon.ico]
[www.veenaworld.com/gtm.js]
[www.veenaworld.com/fb-pixel.js]
[www.veenaworld.com/webengage.js]
[www.veenaworld.com/manifest.webmanifest]
[www.veenaworld.com/styles.588420e563f70e5e.css]
[www.veenaworld.com/icomoon.62fb8e64279a8fca.woff]
[www.veenaworld.com/icomoon.17d8b0d5067db11e.ttf]
[www.veenaworld.com/filter-2.e2e8ad9ccf5ac151.svg]
[www.veenaworld.com/date-arrow.0b7cd9b6d8cb42ce.svg]
[www.veenaworld.com/world/page/2.html]
[img.veenaworld.com/vw-assets/images/packagesComingsoon.svg]
[www.veenaworld.com/arrow-flat.dbd9ae688bf9715a.svg]
[www.veenaworld.com/as-left.b301991a8870b84a.svg]
[www.veenaworld.com/sm-q.eff0c0a731f7f5f1.svg]
[www.veenaworld.com/rw-card-bkg-4.ef4aa6168a1d8aa4.svg]
[www.veenaworld.com/rw-quote.291cffc8cadc01db.svg]
[www.veenaworld.com/assets/images/header/veena-world-logo.svg]
[www.veenaworld.com/assets/images/header/veena-world-small-logo.svg]
[www.veenaworld.com/assets/images/header/icon-search.svg]
[www.veenaworld.com/assets/images/close.svg]
[www.veenaworld.com/assets/images/header/call-icon-2.svg]
[www.veenaworld.com/assets/images/header/call-icon-5.svg]
[www.veenaworld.com/assets/images/header/icon-sign-in.svg]
[img.veenaworld.com/group-tours/india/rajasthan/rjzmp/rjzmp-thb-rjzmp-282023.jpg]
[www.veenaworld.com/india.html]
[img.veenaworld.com/group-tours/india/kerala/klhl/klhl-thb.jpg]
[img.veenaworld.com/group-tours/india/jammu-and-kashmir/jkec/jkec-i-ftr.jpg]
[img.veenaworld.com/group-tours/india/sikkim-darjeeling/sdsd/shsd8-thb-sdsd-2972022.jpg]
[img.veenaworld.com/group-tours/india/andaman-and-nicobar/anex/anex-i-hlt-1.jpg]
[img.veenaworld.com/group-tours/india/himachal/hpda/hpad-i-thb.jpg]
[www.veenaworld.com/india/north-india-tour-packages/s.html]
[www.veenaworld.com/india/delhi-tour-packages/ct.html]
[www.veenaworld.com/india/himachal-pradesh-tour-packages/s.html]
[www.veenaworld.com/india/chandrataal-tour-packages/ct.html]
[www.veenaworld.com/india/dalhousie-tour-packages/ct.html]
[www.veenaworld.com/india/dharamshala-tour-packages/ct.html]
[www.veenaworld.com/india/kaza-tour-packages/ct.html]
[www.veenaworld.com/india/manali-tour-packages/ct.html]
[www.veenaworld.com/india/shimla-tour-packages/ct.html]
[www.veenaworld.com/india/spiti-valley-tour-packages/ct.html]
[www.veenaworld.com/india/jammu-and-kashmir-tour-packages/s.html]
[www.veenaworld.com/india/gulmarg-tour-packages/ct.html]
[www.veenaworld.com/india/pahalgam-tour-packages/ct.html]
[www.veenaworld.com/india/sonmarg-tour-packages/ct.html]
[www.veenaworld.com/india/srinagar-tour-packages/ct.html]
[www.veenaworld.com/india/leh-ladakh-tour-packages/s.html]
[www.veenaworld.com/india/kargil-tour-packages/ct.html]
[www.veenaworld.com/india/leh-tour-packages/ct.html]
[www.veenaworld.com/india/nubra-valley-tour-packages/ct.html]
[www.veenaworld.com/india/pangong-tso-tour-packages/ct.html]
[www.veenaworld.com/india/turtuk-tour-packages/ct.html]
[www.veenaworld.com/india/amritsar-tour-packages/ct.html]
[www.veenaworld.com/india/chandigarh-tour-packages/ct.html]
[www.veenaworld.com/india/kurukshetra-tour-packages/ct.html]
[www.veenaworld.com/india/panipat-tour-packages/ct.html]
[www.veenaworld.com/india/uttarakhand-tour-packages/s.html]
[www.veenaworld.com/india/jim-corbett-park-tour-packages/ct.html]
[www.veenaworld.com/india/haridwar-tour-packages/ct.html]
[www.veenaworld.com/india/mussoorie-tour-packages/ct.html]
[www.veenaworld.com/india/nainital-tour-packages/ct.html]
[www.veenaworld.com/india/rishikesh-tour-packages/ct.html]
[www.veenaworld.com/india/uttar-pradesh-tour-packages/s.html]
[www.veenaworld.com/india/agra-tour-packages/ct.html]
[www.veenaworld.com/india/ayodhya-tour-packages/ct.html]
[www.veenaworld.com/india/fatehpur-sikri-tour-packages/ct.html]
[www.veenaworld.com/india/jhansi-tour-packages/ct.html]
[www.veenaworld.com/india/lucknow-tour-packages/ct.html]
[www.veenaworld.com/india/mathura-tour-packages/ct.html]
[www.veenaworld.com/india/prayagraj-tour-packages/ct.html]
[www.veenaworld.com/india/sarnath-tour-packages/ct.html]
[www.veenaworld.com/india/varanasi-tour-packages/ct.html]
[www.veenaworld.com/india/vrindavan-tour-packages/ct.html]
[www.veenaworld.com/india/south-india-tour-packages/s.html]
[www.veenaworld.com/india/andaman-and-nicobar-tour-packages/s.html]
[www.veenaworld.com/india/havelock-tour-packages/ct.html]
[www.veenaworld.com/india/neil-island-tour-packages/ct.html]
[www.veenaworld.com/india/port-blair-tour-packages/ct.html]
[www.veenaworld.com/india/andhra-pradesh-tour-packages/s.html]
[www.veenaworld.com/india/vizag-tour-packages/ct.html]
[www.veenaworld.com/india/telangana-tour-packages/s.html]
[www.veenaworld.com/india/hyderabad-tour-packages/ct.html]
[www.veenaworld.com/india/ramoji-tour-packages/ct.html]
[www.veenaworld.com/india/karnataka-tour-packages/s.html]
[www.veenaworld.com/india/badami-tour-packages/ct.html]
[www.veenaworld.com/india/bangalore-tour-packages/ct.html]
[www.veenaworld.com/india/belur-tour-packages/ct.html]
[www.veenaworld.com/india/dandeli-tour-packages/ct.html]
[www.veenaworld.com/india/chitradurga-tour-packages/ct.html]
[www.veenaworld.com/india/gokarna-tour-packages/ct.html]
[www.veenaworld.com/india/halebid-tour-packages/ct.html]
[www.veenaworld.com/india/coorg-tour-packages/ct.html]
[www.veenaworld.com/india/hampi-tour-packages/ct.html]
[www.veenaworld.com/india/mangalore-tour-packages/ct.html]
[www.veenaworld.com/india/murudeshwar-tour-packages/ct.html]
[www.veenaworld.com/india/mysore-tour-packages/ct.html]
[www.veenaworld.com/india/shravanbelagola-tour-packages/ct.html]
[www.veenaworld.com/india/udupi-tour-packages/ct.html]
[www.veenaworld.com/india/kerala-tour-packages/s.html]
[www.veenaworld.com/india/alleppey-tour-packages/ct.html]
[www.veenaworld.com/india/athirappilly-tour-packages/ct.html]
[www.veenaworld.com/india/bekal-tour-packages/ct.html]
[www.veenaworld.com/india/cochin-tour-packages/ct.html]
[www.veenaworld.com/india/guruvayur-tour-packages/ct.html]
[www.veenaworld.com/india/kumarakom-tour-packages/ct.html]
[www.veenaworld.com/india/munnar-tour-packages/ct.html]
[www.veenaworld.com/india/periyar-tour-packages/ct.html]
[www.veenaworld.com/india/thiruvananthapuram-tour-packages/ct.html]
[www.veenaworld.com/india/varkala-tour-packages/ct.html]
[www.veenaworld.com/india/tamil-nadu-tour-packages/s.html]
[www.veenaworld.com/india/chennai-tour-packages/ct.html]
[www.veenaworld.com/india/coimbatore-tour-packages/ct.html]
[www.veenaworld.com/india/kanchipuram-tour-packages/ct.html]
[www.veenaworld.com/india/kanyakumari-tour-packages/ct.html]
[www.veenaworld.com/india/kodaikanal-tour-packages/ct.html]
[www.veenaworld.com/india/madurai-tour-packages/ct.html]
[www.veenaworld.com/india/mahabalipuram-tour-packages/ct.html]
[www.veenaworld.com/india/ooty-tour-packages/ct.html]
[www.veenaworld.com/india/pondicherry-tour-packages/ct.html]
[www.veenaworld.com/india/rameswaram-tour-packages/ct.html]
[www.veenaworld.com/india/thanjavur-tour-packages/ct.html]
[www.veenaworld.com/india/trichy-tour-packages/ct.html]
[www.veenaworld.com/india/north-east-tour-packages/s.html]
[www.veenaworld.com/india/sikkim-darjeeling-tour-packages/s.html]
[www.veenaworld.com/india/arunachal-pradesh-tour-packages/s.html]
[www.veenaworld.com/india/bomdila-tour-packages/ct.html]
[www.veenaworld.com/india/tawang-tour-packages/ct.html]
[www.veenaworld.com/india/assam-tour-packages/s.html]
[www.veenaworld.com/india/guwahati-tour-packages/ct.html]
[www.veenaworld.com/india/silchar-tour-packages/ct.html]
[www.veenaworld.com/india/kaziranga-tour-packages/ct.html]
[www.veenaworld.com/india/manas-national-park-tour-packages/ct.html]
[www.veenaworld.com/india/tezpur-tour-packages/ct.html]
[www.veenaworld.com/india/imphal-tour-packages/ct.html]
[www.veenaworld.com/india/meghalaya-tour-packages/s.html]
[www.veenaworld.com/india/cherrapunjee-tour-packages/ct.html]
[www.veenaworld.com/india/dawki-tour-packages/ct.html]
[www.veenaworld.com/india/mawlynnong-tour-packages/ct.html]
[www.veenaworld.com/india/shillong-tour-packages/ct.html]
[www.veenaworld.com/india/mizoram-tour-packages/s.html]
[www.veenaworld.com/india/aizawl-tour-packages/ct.html]
[www.veenaworld.com/india/nagaland-tour-packages/s.html]
[www.veenaworld.com/india/kohima-tour-packages/ct.html]
[www.veenaworld.com/india/orissa-tour-packages/s.html]
[www.veenaworld.com/india/bhubaneshwar-tour-packages/ct.html]
[www.veenaworld.com/india/chilika-tour-packages/ct.html]
[www.veenaworld.com/india/konark-tour-packages/ct.html]
[www.veenaworld.com/india/puri-tour-packages/ct.html]
[www.veenaworld.com/india/gangtok-tour-packages/ct.html]
[www.veenaworld.com/india/lachung-tour-packages/ct.html]
[www.veenaworld.com/india/namchi-tour-packages/ct.html]
[www.veenaworld.com/india/pelling-tour-packages/ct.html]
[www.veenaworld.com/india/agartala-tour-packages/ct.html]
[www.veenaworld.com/india/west-bengal-tour-packages/s.html]
[www.veenaworld.com/india/darjeeling-tour-packages/ct.html]
[www.veenaworld.com/india/kalimpong-tour-packages/ct.html]
[www.veenaworld.com/india/kolkata-tour-packages/ct.html]
[www.veenaworld.com/india/sunderbans-tour-packages/ct.html]
[www.veenaworld.com/india/goa-tour-packages/s.html]
[www.veenaworld.com/india/gujarat-tour-packages/s.html]
[www.veenaworld.com/india/ahmedabad-tour-packages/ct.html]
[www.veenaworld.com/india/bhuj-tour-packages/ct.html]
[www.veenaworld.com/india/dwarka-tour-packages/ct.html]
[www.veenaworld.com/india/gir-tour-packages/ct.html]
[www.veenaworld.com/india/patan-tour-packages/ct.html]
[www.veenaworld.com/india/kevadiya-tour-packages/ct.html]
[www.veenaworld.com/india/narmada-tent-city-tour-packages/ct.html]
[www.veenaworld.com/india/kutch-tour-packages/ct.html]
[www.veenaworld.com/india/somnath-tour-packages/ct.html]
[www.veenaworld.com/india/madhya-pradesh-tour-packages/s.html]
[www.veenaworld.com/india/bhedaghat-tour-packages/ct.html]
[www.veenaworld.com/india/bhopal-tour-packages/ct.html]
[www.veenaworld.com/india/gwalior-tour-packages/ct.html]
[www.veenaworld.com/india/indore-tour-packages/ct.html]
[www.veenaworld.com/india/jabalpur-tour-packages/ct.html]
[www.veenaworld.com/india/khajuraho-tour-packages/ct.html]
[www.veenaworld.com/india/omkareshwar-tour-packages/ct.html]
[www.veenaworld.com/india/orchha-tour-packages/ct.html]
[www.veenaworld.com/india/maheshwar-tour-packages/ct.html]
[www.veenaworld.com/india/mandu-tour-packages/ct.html]
[www.veenaworld.com/india/pachmarhi-tour-packages/ct.html]
[www.veenaworld.com/india/sanchi-tour-packages/ct.html]
[www.veenaworld.com/india/ujjain-tour-packages/ct.html]
[www.veenaworld.com/india/maharashtra-tour-packages/s.html]
[www.veenaworld.com/india/rajasthan-tour-packages/s.html]
[www.veenaworld.com/india/bikaner-tour-packages/ct.html]
[www.veenaworld.com/india/chittorgarh-tour-packages/ct.html]
[www.veenaworld.com/india/jaipur-tour-packages/ct.html]
[www.veenaworld.com/india/jaisalmer-tour-packages/ct.html]
[www.veenaworld.com/india/jodhpur-tour-packages/ct.html]
[www.veenaworld.com/india/jowai-tour-packages/ct.html]
[www.veenaworld.com/india/kumbhalgarh-tour-packages/ct.html]
[www.veenaworld.com/india/mandawa-tour-packages/ct.html]
[www.veenaworld.com/india/mount-abu-tour-packages/ct.html]
[www.veenaworld.com/india/pushkar-tour-packages/ct.html]
[www.veenaworld.com/india/ranthambore-tour-packages/ct.html]
[www.veenaworld.com/india/udaipur-tour-packages/ct.html]
[img.veenaworld.com/group-tours/world/europe/euxv/euxv-thb-euxv-1592023.jpg]
[img.veenaworld.com/group-tours/world/south-east-asia/astl/asja-thb.jpg]
[img.veenaworld.com/group-tours/world/dubai-egypt-israel/mede/mede-thb-mede-2962024.jpg]
[img.veenaworld.com/group-tours/world/australia-new-zealand/ausm/ausm-thb.jpg]
[img.veenaworld.com/group-tours/world/america/amwp/amec-hlt-1-amwp-412024.jpg]
[img.veenaworld.com/group-tours/world/africa/afsc/afsc-thb-AFSC-1392022.jpg]
[www.veenaworld.com/world/africa-tour-packages/s.html]
[www.veenaworld.com/world/egypt-tour-packages/c.html]
[www.veenaworld.com/world/alexandria-tour-packages/ct.html]
[www.veenaworld.com/world/aswan-tour-packages/ct.html]
[www.veenaworld.com/world/cairo-tour-packages/ct.html]
[www.veenaworld.com/world/hurghada-tour-packages/ct.html]
[www.veenaworld.com/world/luxor-tour-packages/ct.html]
[www.veenaworld.com/world/nile-cruise-tour-packages/ct.html]
[www.veenaworld.com/world/kenya-tour-packages/c.html]
[www.veenaworld.com/world/masai-mara-tour-packages/ct.html]
[www.veenaworld.com/world/mauritius-tour-packages/c.html]
[www.veenaworld.com/world/port-louis-tour-packages/ct.html]
[www.veenaworld.com/world/seychelles-tour-packages/c.html]
[www.veenaworld.com/world/south-africa-tour-packages/c.html]
[www.veenaworld.com/world/cape-town-tour-packages/ct.html]
[www.veenaworld.com/world/george-tour-packages/ct.html]
[www.veenaworld.com/world/johannesburg-tour-packages/ct.html]
[www.veenaworld.com/world/knysna-tour-packages/ct.html]
[www.veenaworld.com/world/mossel-bay-tour-packages/ct.html]
[www.veenaworld.com/world/oudtshoorn-tour-packages/ct.html]
[www.veenaworld.com/world/pilanesberg-national-park-tour-packages/ct.html]
[www.veenaworld.com/world/port-elizabeth-tour-packages/ct.html]
[www.veenaworld.com/world/stellenbosch-tour-packages/ct.html]
[www.veenaworld.com/world/sun-city-tour-packages/ct.html]
[www.veenaworld.com/world/tanzania-tour-packages/c.html]
[www.veenaworld.com/world/zimbabwe-tour-packages/c.html]
[www.veenaworld.com/world/victoria-falls-tour-packages/ct.html]
[www.veenaworld.com/world/america-tour-packages/s.html]
[www.veenaworld.com/world/south-america-tour-packages/spl.html]
[www.veenaworld.com/world/argentina-tour-packages/c.html]
[www.veenaworld.com/world/brazil-tour-packages/c.html]
[www.veenaworld.com/world/rio-carnival-tour-packages/spl.html]
[www.veenaworld.com/world/canada-tour-packages/c.html]
[www.veenaworld.com/world/banff-tour-packages/ct.html]
[www.veenaworld.com/world/calgary-tour-packages/ct.html]
[www.veenaworld.com/world/montreal-tour-packages/ct.html]
[www.veenaworld.com/world/ottawa-tour-packages/ct.html]
[www.veenaworld.com/world/toronto-tour-packages/ct.html]
[www.veenaworld.com/world/vancouver-tour-packages/ct.html]
[www.veenaworld.com/world/united-states-tour-packages/c.html]
[www.veenaworld.com/world/chicago-tour-packages/ct.html]
[www.veenaworld.com/world/las-vegas-tour-packages/ct.html]
[www.veenaworld.com/world/los-angeles-tour-packages/ct.html]
[www.veenaworld.com/world/new-york-tour-packages/ct.html]
[www.veenaworld.com/world/niagara-falls-tour-packages/ct.html]
[www.veenaworld.com/world/orlando-tour-packages/ct.html]
[www.veenaworld.com/world/philadelphia-tour-packages/ct.html]
[www.veenaworld.com/world/san-francisco-tour-packages/ct.html]
[www.veenaworld.com/world/washington-dc-tour-packages/ct.html]
[www.veenaworld.com/world/south-east-asia-tour-packages/s.html]
[www.veenaworld.com/world/japan-china-korea-taiwan-tour-packages/s.html]
[www.veenaworld.com/world/bhutan-tour-packages/c.html]
[www.veenaworld.com/world/nepal-tour-packages/c.html]
[www.veenaworld.com/world/chitwan-tour-packages/ct.html]
[www.veenaworld.com/world/kathmandu-tour-packages/ct.html]
[www.veenaworld.com/world/pokhara-tour-packages/ct.html]
[www.veenaworld.com/world/sri-lanka-tour-packages/c.html]
[www.veenaworld.com/world/bentota-tour-packages/ct.html]
[www.veenaworld.com/world/colombo-tour-packages/ct.html]
[www.veenaworld.com/world/galle-tour-packages/ct.html]
[www.veenaworld.com/world/kandy-tour-packages/ct.html]
[www.veenaworld.com/world/nuwara-eliya-tour-packages/ct.html]
[www.veenaworld.com/world/maldives-tour-packages/c.html]
[www.veenaworld.com/world/cambodia-tour-packages/c.html]
[www.veenaworld.com/world/singapore-tour-packages/c.html]
[www.veenaworld.com/world/malaysia-tour-packages/c.html]
[www.veenaworld.com/world/kuala-lumpur-tour-packages/ct.html]
[www.veenaworld.com/world/genting-highlands-tour-packages/ct.html]
[www.veenaworld.com/world/langkawi-tour-packages/ct.html]
[www.veenaworld.com/world/indonesia-tour-packages/c.html]
[www.veenaworld.com/world/bali-tour-packages/ct.html]
[www.veenaworld.com/world/kuta-tour-packages/ct.html]
[www.veenaworld.com/world/nusa-penida-tour-packages/ct.html]
[www.veenaworld.com/world/ubud-tour-packages/ct.html]
[www.veenaworld.com/world/hong-kong-tour-packages/c.html]
[www.veenaworld.com/world/macao-tour-packages/ct.html]
[www.veenaworld.com/world/china-tour-packages/c.html]
[www.veenaworld.com/world/beijing-tour-packages/ct.html]
[www.veenaworld.com/world/shanghai-tour-packages/ct.html]
[www.veenaworld.com/world/shenzhen-tour-packages/ct.html]
[www.veenaworld.com/world/taiwan-tour-packages/c.html]
[www.veenaworld.com/world/vietnam-tour-packages/c.html]
[www.veenaworld.com/world/hanoi-tour-packages/ct.html]
[www.veenaworld.com/world/ho-chi-minh-city-tour-packages/ct.html]
[www.veenaworld.com/world/thailand-tour-packages/c.html]
[www.veenaworld.com/world/bangkok-tour-packages/ct.html]
[www.veenaworld.com/world/krabi-tour-packages/ct.html]
[www.veenaworld.com/world/pattaya-tour-packages/ct.html]
[www.veenaworld.com/world/phuket-tour-packages/ct.html]
[www.veenaworld.com/world/japan-tour-packages/c.html]
[www.veenaworld.com/world/cherry-blossom-tour-packages/spl.html]
[www.veenaworld.com/world.html]
[img.veenaworld.com/index.html]
[www.veenaworld.com/styles.588420e563f70e5e.css]
[www.veenaworld.com/filter-2.e2e8ad9ccf5ac151.svg]
[www.veenaworld.com/date-arrow.0b7cd9b6d8cb42ce.svg]
[www.veenaworld.com/world/page/2.html]
[img.veenaworld.com/vw-assets/images/packagesComingsoon.svg]
[www.veenaworld.com/arrow-flat.dbd9ae688bf9715a.svg]
[www.veenaworld.com/as-left.b301991a8870b84a.svg]
[www.veenaworld.com/sm-q.eff0c0a731f7f5f1.svg]
[www.veenaworld.com/rw-card-bkg-4.ef4aa6168a1d8aa4.svg]
[www.veenaworld.com/rw-quote.291cffc8cadc01db.svg]
[www.veenaworld.com/index.html]
[www.veenaworld.com/assets/images/header/veena-world-logo.svg]
[www.veenaworld.com/assets/images/header/veena-world-small-logo.svg]
[www.veenaworld.com/assets/images/header/icon-search.svg]
[www.veenaworld.com/assets/images/close.svg]
[www.veenaworld.com/assets/images/header/call-icon-2.svg]
[www.veenaworld.com/assets/images/header/call-icon-5.svg]
[www.veenaworld.com/assets/images/header/icon-sign-in.svg]
[www.veenaworld.com/india.html]
